== router-dashboard  [title "Router Member Dashboard"]
  [staging] FAIL signal='title "Router Member Dashboard"' not satisfied on https://78ffc78c25e0c8a9e64bb3a969ba6f226abae62d-8080.dstack-pha-prod7.phala.network/router-dashboard/
  [prod] FAIL signal='title "Router Member Dashboard"' not satisfied on https://pod.dstack.soc1024.com/router-dashboard/
== otterscope  [title "Otter via OAuth3"]
  [prod] PASS signal='title "Otter via OAuth3"' shot=39774B
  [staging] FAIL signal='title "Otter via OAuth3"' not satisfied on https://78ffc78c25e0c8a9e64bb3a969ba6f226abae62d-8080.dstack-pha-prod7.phala.network/otterscope/
== feedling-web  [title "feedling"]
  [prod] FAIL signal='title "feedling"' not satisfied on https://pod.dstack.soc1024.com/feedling-web/
  [staging] PASS signal='title "feedling"' shot=31702B
== calendar-share  [title "Calendar Share"]
  [staging] PASS signal='title "Calendar Share"' shot=38878B
  [prod] FAIL signal='title "Calendar Share"' not satisfied on https://pod.dstack.soc1024.com/calendar-share/
== reddit-karma  [title "Reddit Saved"]
  [staging] PASS signal='title "Reddit Saved"' shot=33460B
  [prod] FAIL signal='title "Reddit Saved"' not satisfied on https://pod.dstack.soc1024.com/reddit-karma/
== share-kit  [title "share-kit"]
  [staging] PASS signal='title "share-kit"' shot=121933B
  [prod] FAIL signal='title "share-kit"' not satisfied on https://pod.dstack.soc1024.com/share-kit/
== timeline-peek  [title "Timeline Peek"]
  [staging] FAIL signal='title "Timeline Peek"' not satisfied on https://78ffc78c25e0c8a9e64bb3a969ba6f226abae62d-8080.dstack-pha-prod7.phala.network/timeline-peek/
  [prod] FAIL signal='title "Timeline Peek"' not satisfied on https://pod.dstack.soc1024.com/timeline-peek/
== zai-usage  [title "GLM Usage"]
  [staging] PASS signal='title "GLM Usage"' shot=36779B
  [prod] FAIL signal='title "GLM Usage"' not satisfied on https://pod.dstack.soc1024.com/zai-usage/
== goodpoint-box  [title "goodpoint-box"]
  [staging] FAIL signal='title "goodpoint-box"' not satisfied on https://78ffc78c25e0c8a9e64bb3a969ba6f226abae62d-8080.dstack-pha-prod7.phala.network/goodpoint-box/app
  [prod] PASS signal='title "goodpoint-box"' shot=185066B
== screenshare-debug  [title "screenshare-debug — screen → pod under consent"]
  [staging] FAIL signal='title "screenshare-debug — screen → pod under consent"' not satisfied on https://78ffc78c25e0c8a9e64bb3a969ba6f226abae62d-8080.dstack-pha-prod7.phala.network/screenshare-debug/
  [prod] FAIL signal='title "screenshare-debug — screen → pod under consent"' not satisfied on https://pod.dstack.soc1024.com/screenshare-debug/
== screenshare-pet  [title "screenshare-pet — a PiP pet that watches your screen"]
  [staging] PASS signal='title "screenshare-pet — a PiP pet that watches your screen"' shot=126671B
  [prod] FAIL signal='title "screenshare-pet — a PiP pet that watches your screen"' not satisfied on https://pod.dstack.soc1024.com/screenshare-pet/
== souk-dogfood  [#souk "souk-dogfood"]
  [prod] PASS signal='#souk "souk-dogfood"' shot=163665B
  [staging] FAIL signal='#souk "souk-dogfood"' not satisfied on https://78ffc78c25e0c8a9e64bb3a969ba6f226abae62d-8080.dstack-pha-prod7.phala.network/souk-dogfood/board
walk complete; artifacts in /home/amiller/paseo-batch/out/smoke/apps/
fragment: /home/amiller/paseo-batch/out/smoke/swarm-section.html (15938 bytes)
report: /home/amiller/paseo-batch/out/smoke/index.html (3828007 bytes)
oldest evidence: 2m ago; stale items: 0; runner: ok
2026-08-27 18:22:57 public report mirrored -> amiller.github.io/dstack-webhost/report/
